
> rustic-roots-restaurant-manager@0.0.0 test
> vitest src/tests/Kitchen.test.tsx --run


[1m[46m RUN [49m[22m [36mv4.1.0 [39m[90mE:/Backend_API_Integration/Belajar_Backend/Proyek_Latihan/restaurant-manager/frontend[39m

 [31mΓ¥»[39m src/tests/Kitchen.test.tsx [2m([22m[2m2 tests[22m[2m | [22m[31m1 failed[39m[2m)[22m[33m 3196[2mms[22m[39m
[31m     [31m├ù[31m renders orders with modifiers and notes[39m[33m 3137[2mms[22m[39m
     [32mΓ£ô[39m shows NEW ORDER status for PAID orders[32m 49[2mms[22m[39m
npm.cmd : 
At line:1 char:1
+ npm.cmd test src/tests/Kitchen.test.tsx -- --run > test_output.txt 2> ...
+ ~~~~~~~~~~~~~~~~~~~~~~~~~~~~~~~~~~~~~~~~~~~~~~~~~~~~~~~~~~~~~~~~~~~~~
    + CategoryInfo          : NotSpecified: (:String) [], RemoteException
    + FullyQualifiedErrorId : NativeCommandError
 
[31mΓÄ»ΓÄ»ΓÄ»ΓÄ»ΓÄ»ΓÄ»ΓÄ»[39m[1m[41m Failed Tests 1 [49m[22m[31mΓÄ»ΓÄ»ΓÄ»ΓÄ»ΓÄ»ΓÄ»ΓÄ»[39m

[41m[1m FAIL [22m[49m src/tests/Kitchen.test.tsx[2m > [22mKitchen View[2m > [22mrenders orders with modifiers 
and notes
[31m[1mTestingLibraryElementError[22m[39m: Found multiple elements with the text: /#5/

Here are the matching elements:

Ignored nodes: comments, script, style
[36m<span[39m
  [33mclass[39m=[32m"bg-charcoal text-white px-3 py-1 rounded font-bold text-sm"[39m
[36m>[39m
  [0m#[0m
  [0m5[0m
[36m</span>[39m

Ignored nodes: comments, script, style
[36m<span[39m
  [33mclass[39m=[32m"bg-charcoal text-white px-3 py-1 rounded font-bold text-sm"[39m
[36m>[39m
  [0m#[0m
  [0m5[0m
[36m</span>[39m

(If this is intentional, then use the `*AllBy*` variant of the query (like `queryAllByText`, `getAllByText`, or 
`findAllByText`)).

Ignored nodes: comments, script, style
[36m<body>[39m
  [36m<div>[39m
    [36m<div[39m
      [33mclass[39m=[32m"h-full flex flex-col pb-10"[39m
    [36m>[39m
      [36m<div[39m
        [33mclass[39m=[32m"flex justify-between items-center mb-6"[39m
      [36m>[39m
        [36m<div>[39m
          [36m<h2[39m
            [33mclass[39m=[32m"font-serif text-3xl font-bold text-charcoal"[39m
          [36m>[39m
            [0mKitchen Display[0m
          [36m</h2>[39m
          [36m<p[39m
            [33mclass[39m=[32m"text-stone-500"[39m
          [36m>[39m
            [0mManage order preparation.[0m
          [36m</p>[39m
        [36m</div>[39m
        [36m<button[39m
          [33mclass[39m=[32m"p-2 bg-white rounded-full shadow hover:rotate-180 transition-transform"[39m
        [36m>[39m
          [36m<svg[39m
            [33maria-hidden[39m=[32m"true"[39m
            [33mclass[39m=[32m"lucide lucide-refresh-ccw text-forest"[39m
            [33mfill[39m=[32m"none"[39m
            [33mheight[39m=[32m"20"[39m
            [33mstroke[39m=[32m"currentColor"[39m
            [33mstroke-linecap[39m=[32m"round"[39m
            [33mstroke-linejoin[39m=[32m"round"[39m
            [33mstroke-width[39m=[32m"2"[39m
            [33mviewBox[39m=[32m"0 0 24 24"[39m
            [33mwidth[39m=[32m"20"[39m
            [33mxmlns[39m=[32m"http://www.w3.org/2000/svg"[39m
          [36m>[39m
            [36m<path[39m
              [33md[39m=[32m"M21 12a9 9 0 0 0-9-9 9.75 9.75 0 0 0-6.74 2.74L3 8"[39m
            [36m/>[39m
            [36m<path[39m
              [33md[39m=[32m"M3 3v5h5"[39m
            [36m/>[39m
            [36m<path[39m
              [33md[39m=[32m"M3 12a9 9 0 0 0 9 9 9.75 9.75 0 0 0 6.74-2.74L21 16"[39m
            [36m/>[39m
            [36m<path[39m
              [33md[39m=[32m"M16 16h5v5"[39m
            [36m/>[39m
          [36m</svg>[39m
        [36m</button>[39m
      [36m</div>[39m
      [36m<div[39m
        [33mclass[39m=[32m"flex gap-4 border-b border-stone-200 mb-6 overflow-x-auto"[39m
      [36m>[39m
        [36m<button[39m
          [33mclass[39m=[32m"pb-3 px-4 font-bold text-sm transition-colors whitespace-nowrap text-forest border-b-2 
border-forest"[39m
        [36m>[39m
          [0mActive Orders (Today)[0m
        [36m</button>[39m
        [36m<button[39m
          [33mclass[39m=[32m"pb-3 px-4 font-bold text-sm transition-colors whitespace-nowrap text-stone-400 
hover:text-stone-600"[39m
        [36m>[39m
          [0mKitchen History[0m
        [36m</button>[39m
      [36m</div>[39m
      [36m<div[39m
        [33mclass[39m=[32m"bg-white rounded-xl shadow-sm border border-stone-200 overflow-hidden flex-1 flex 
flex-col"[39m
      [36m>[39m
        [36m<div[39m
          [33mclass[39m=[32m"hidden md:grid grid-cols-12 bg-stone-50 p-4 border-b border-stone-200 font-bold 
text-stone-500 text-sm uppercase tracking-wider shrink-0"[39m
        [36m>[39m
          [36m<div[39m
            [33mclass[39m=[32m"col-span-2"[39m
          [36m>[39m
            [0mOrder Time[0m
          [36m</div>[39m
          [36m<div[39m
            [33mclass[39m=[32m"col-span-1"[39m
          [36m>[39m
            [0mTable[0m
          [36m</div>[39m
          [36m<div[39m
            [33mclass[39m=[32m"col-span-5"[39m
          [36m>[39m
            [0mItems[0m
          [36m</div>[39m
          [36m<div[39m
            [33mclass[39m=[32m"col-span-2"[39m
          [36m>[39m
            [0mStatus[0m
          [36m</div>[39m
          [36m<div[39m
            [33mclass[39m=[32m"col-span-2 text-right"[39m
          [36m>[39m
            [0mAction[0m
          [36m</div>[39m
        [36m</div>[39m
        [36m<div[39m
          [33mclass[39m=[32m"overflow-y-auto flex-1 divide-y divide-stone-100"[39m
        [36m>[39m
          [36m<div[39m
            [33mclass[39m=[32m"flex flex-col md:grid md:grid-cols-12 p-4 items-start transition-colors gap-3 
md:gap-0 hover:bg-stone-50"[39m
          [36m>[39m
            [36m<div[39m
              [33mclass[39m=[32m"flex md:hidden w-full justify-between items-center border-b border-stone-100 pb-2 
mb-1"[39m
            [36m>[39m
              [36m<div[39m
                [33mclass[39m=[32m"flex items-center gap-2 text-stone-600 font-bold text-sm"[39m
              [36m>[39m
                [36m<svg[39m
                  [33maria-hidden[39m=[32m"true"[39m
                  [33mclass[39m=[32m"lucide lucide-clock"[39m
                  [33mfill[39m=[32m"none"[39m
                  [33mheight[39m=[32m"16"[39m
                  [33mstroke[39m=[32m"currentColor"[39m
                  [33mstroke-linecap[39m=[32m"round"[39m
                  [33mstroke-linejoin[39m=[32m"round"[39m
                  [33mstroke-width[39m=[32m"2"[39m
                  [33mviewBox[39m=[32m"0 0 24 24"[39m
                  [33mwidth[39m=[32m"16"[39m
                  [33mxmlns[39m=[32m"http://www.w3.org/2000/svg"[39m
                [36m>[39m
                  [36m<path[39m
                    [33md[39m=[32m"M12 6v6l4 2"[39m
                  [36m/>[39m
                  [36m<circle[39m
                    [33mcx[39m=[32m"12"[39m
                    [33mcy[39m=[32m"12"[39m
                    [33mr[39m=[32m"10"[39m
                  [36m/>[39m
                [36m</svg>[39m
                [0m12:34 AM[0m
              [36m</div>[39m
              [36m<span[39m
                [33mclass[39m=[32m"bg-charcoal text-white px-3 py-1 rounded font-bold text-sm"[39m
              [36m>[39m
                [0m#[0m
                [0m5[0m
              [36m</span>[39m
            [36m</div>[39m
            [36m<div[39m
              [33mclass[39m=[32m"hidden md:flex col-span-2 items-center gap-2 text-stone-600"[39m
            [36m>[39m
              [36m<svg[39m
                [33maria-hidden[39m=[32m"true"[39m
                [33mclass[39m=[32m"lucide lucide-clock"[39m
                [33mfill[39m=[32m"none"[39m
                [33mheight[39m=[32m"16"[39m
                [33mstroke[39m=[32m"currentColor"[39m
                [33mstroke-linecap[39m=[32m"round"[39m
                [33mstroke-linejoin[39m=[32m"round"[39m
                [33mstroke-width[39m=[32m"2"[39m
                [33mviewBox[39m=[32m"0 0 24 24"[39m
                [33mwidth[39m=[32m"16"[39m
                [33mxmlns[39m=[32m"http://www.w3.org/2000/svg"[39m
              [36m>[39m
                [36m<path[39m
                  [33md[39m=[32m"M12 6v6l4 2"[39m
                [36m/>[39m
                [36m<circle[39m
                  [33mcx[39m=[32m"12"[39m
                  [33mcy[39m=[32m"12"[39m
                  [33mr[39m=[32m"10"[39m
                [36m/>[39m
              [36m</svg>[39m
              [36m<span>[39m
                [0m12:34 AM[0m
              [36m</span>[39m
            [36m</div>[39m
            [36m<div[39m
              [33mclass[39m=[32m"hidden md:block col-span-1"[39m
            [36m>[39m
              [36m<span[39m
                [33mclass[39m=[32m"bg-charcoal text-white px-3 py-1 rounded font-bold text-sm"[39m
              [36m>[39m
                [0m#[0m
                [0m5[0m
              [36m</span>[39m
            [36m</div>[39m
            [36m<div[39m
              [33mclass[39m=[32m"w-full md:col-span-5 md:pr-4"[39m
            [36m>[39m
              [36m<ul[39m
                [33mclass[39m=[32m"space-y-1"[39m
              [36m>[39m
                [36m<li[39m
                  [33mclass[39m=[32m"text-charcoal font-medium text-sm flex flex-col "[39m
                [36m>[39m
                  [36m<div[39m
                    [33mclass[39m=[32m"flex items-start"[39m
                  [36m>[39m
                    [36m<span[39m
                      [33mclass[39m=[32m"font-bold text-forest mr-2 shrink-0"[39m
                    [36m>[39m
                      [0m1[0m
                      [0mx[0m
                    [36m</span>[39m
                    [36m<span>[39m
                      [0mTerracotta Chicken[0m
                    [36m</span>[39m
                  [36m</div>[39m
                  [36m<div[39m
                    [33mclass[39m=[32m"pl-6 text-xs text-stone-500 space-y-0.5 mt-1"[39m
                  [36m>[39m
                    [36m<div>[39m
                      [0m+ [0m
                      [0mFrench Fries[0m
                    [36m</div>[39m
                  [36m</div>[39m
                  [36m<div[39m
                    [33mclass[39m=[32m"pl-6 text-xs text-terracotta italic mt-1 bg-yellow-50 p-1 rounded 
inline-block"[39m
                  [36m>[39m
                    [0m"[0m
                    [0mLess spicy[0m
                    [0m"[0m
                  [36m</div>[39m
                [36m</li>[39m
              [36m</ul>[39m
              [36m<div[39m
                [33mclass[39m=[32m"text-[10px] text-stone-400 font-mono mt-1"[39m
              [36m>[39m
                [0mORDER-123[0m
              [36m</div>[39m
            [36m</div>[39m
            [36m<div[39m
              [33mclass[39m=[32m"flex justify-between items-center w-full md:hidden pt-2 border-t border-stone-100 
mt-1"[39m
            [36m>[39m
              [36m<div[39m
                [33mclass[39m=[32m"uppercase text-sm tracking-wide text-purple-600 font-bold"[39m
              [36m>[39m
                [0mNEW ORDER[0m
              [36m</div>[39m
              [36m<button[39m
                [33mclass[39m=[32m"px-4 py-2 bg-purple-100 text-purple-700 border border-purple-200 rounded-lg 
text-xs font-bold animate-pulse"[39m
              [36m>[39m
                [0mSTART COOK[0m
              [36m</button>[39m
            [36m</div>[39m
            [36m<div[39m
              [33mclass[39m=[32m"hidden md:block col-span-2 uppercase text-sm tracking-wide text-purple-600 
font-bold"[39m
            [36m>[39m
              [0mNEW ORDER[0m
            [36m</div>[39m
            [36m<div[39m
              [33mclass[39m=[32m"hidden md:block col-span-2 text-right"[39m
            [36m>[39m
              [36m<button[39m
                [33mclass[39m=[32m"px-4 py-2 bg-purple-100 text-purple-700 border border-purple-200 rounded-lg 
text-xs font-bold hover:bg-purple-200 animate-pulse"[39m
              [36m>[39m
                [0mSTART COOK[0m
              [36m</button>[39m
            [36m</div>[39m
          [36m</div>[39m
        [36m</div>[39m
      [36m</div>[39m
    [36m</div>[39m
  [36m</div>[39m
[36m</body>[39m

Ignored nodes: comments, script, style
[36m<html>[39m
  [36m<head />[39m
  [36m<body>[39m
    [36m<div>[39m
      [36m<div[39m
        [33mclass[39m=[32m"h-full flex flex-col pb-10"[39m
      [36m>[39m
        [36m<div[39m
          [33mclass[39m=[32m"flex justify-between items-center mb-6"[39m
        [36m>[39m
          [36m<div>[39m
            [36m<h2[39m
              [33mclass[39m=[32m"font-serif text-3xl font-bold text-charcoal"[39m
            [36m>[39m
              [0mKitchen Display[0m
            [36m</h2>[39m
            [36m<p[39m
              [33mclass[39m=[32m"text-stone-500"[39m
            [36m>[39m
              [0mManage order preparation.[0m
            [36m</p>[39m
          [36m</div>[39m
          [36m<button[39m
            [33mclass[39m=[32m"p-2 bg-white rounded-full shadow hover:rotate-180 transition-transform"[39m
          [36m>[39m
            [36m<svg[39m
              [33maria-hidden[39m=[32m"true"[39m
              [33mclass[39m=[32m"lucide lucide-refresh-ccw text-forest"[39m
              [33mfill[39m=[32m"none"[39m
              [33mheight[39m=[32m"20"[39m
              [33mstroke[39m=[32m"currentColor"[39m
              [33mstroke-linecap[39m=[32m"round"[39m
              [33mstroke-linejoin[39m=[32m"round"[39m
              [33mstroke-width[39m=[32m"2"[39m
              [33mviewBox[39m=[32m"0 0 24 24"[39m
              [33mwidth[39m=[32m"20"[39m
              [33mxmlns[39m=[32m"http://www.w3.org/2000/svg"[39m
            [36m>[39m
              [36m<path[39m
                [33md[39m=[32m"M21 12a9 9 0 0 0-9-9 9.75 9.75 0 0 0-6.74 2.74L3 8"[39m
              [36m/>[39m
              [36m<path[39m
                [33md[39m=[32m"M3 3v5h5"[39m
              [36m/>[39m
              [36m<path[39m
                [33md[39m=[32m"M3 12a9 9 0 0 0 9 9 9.75 9.75 0 0 0 6.74-2.74L21 16"[39m
              [36m/>[39m
              [36m<path[39m
                [33md[39m=[32m"M16 16h5v5"[39m
              [36m/>[39m
            [36m</svg>[39m
          [36m</button>[39m
        [36m</div>[39m
        [36m<div[39m
          [33mclass[39m=[32m"flex gap-4 border-b border-stone-200 mb-6 overflow-x-auto"[39m
        [36m>[39m
          [36m<button[39m
            [33mclass[39m=[32m"pb-3 px-4 font-bold text-sm transition-colors whitespace-nowrap text-forest 
border-b-2 border-forest"[39m
          [36m>[39m
            [0mActive Orders (Today)[0m
          [36m</button>[39m
          [36m<button[39m
            [33mclass[39m=[32m"pb-3 px-4 font-bold text-sm transition-colors whitespace-nowrap text-stone-400 
hover:text-stone-600"[39m
          [36m>[39m
            [0mKitchen History[0m
          [36m</button>[39m
        [36m</div>[39m
        [36m<div[39m
          [33mclass[39m=[32m"bg-white rounded-xl shadow-sm border border-stone-200 overflow-hidden flex-1 flex 
flex-col"[39m
        [36m>[39m
          [36m<div[39m
            [33mclass[39m=[32m"hidden md:grid grid-cols-12 bg-stone-50 p-4 border-b border-stone-200 font-bold 
text-stone-500 text-sm uppercase tracking-wider shrink-0"[39m
          [36m>[39m
            [36m<div[39m
              [33mclass[39m=[32m"col-span-2"[39m
            [36m>[39m
              [0mOrder Time[0m
            [36m</div>[39m
            [36m<div[39m
              [33mclass[39m=[32m"col-span-1"[39m
            [36m>[39m
              [0mTable[0m
            [36m</div>[39m
            [36m<div[39m
              [33mclass[39m=[32m"col-span-5"[39m
            [36m>[39m
              [0mItems[0m
            [36m</div>[39m
            [36m<div[39m
              [33mclass[39m=[32m"col-span-2"[39m
            [36m>[39m
              [0mStatus[0m
            [36m</div>[39m
            [36m<div[39m
              [33mclass[39m=[32m"col-span-2 text-right"[39m
            [36m>[39m
              [0mAction[0m
            [36m</div>[39m
          [36m</div>[39m
          [36m<div[39m
            [33mclass[39m=[32m"overflow-y-auto flex-1 divide-y divide-stone-100"[39m
          [36m>[39m
            [36m<div[39m
              [33mclass[39m=[32m"flex flex-col md:grid md:grid-cols-12 p-4 items-start transition-colors gap-3 
md:gap-0 hover:bg-stone-50"[39m
            [36m>[39m
              [36m<div[39m
                [33mclass[39m=[32m"flex md:hidden w-full justify-between items-center border-b border-stone-100 
pb-2 mb-1"[39m
              [36m>[39m
                [36m<div[39m
                  [33mclass[39m=[32m"flex items-center gap-2 text-stone-600 font-bold text-sm"[39m
                [36m>[39m
                  [36m<svg[39m
                    [33maria-hidden[39m=[32m"true"[39m
                    [33mclass[39m=[32m"lucide lucide-clock"[39m
                    [33mfill[39m=[32m"none"[39m
                    [33mheight[39m=[32m"16"[39m
                    [33mstroke[39m=[32m"currentColor"[39m
                    [33mstroke-linecap[39m=[32m"round"[39m
                    [33mstroke-linejoin[39m=[32m"round"[39m
                    [33mstroke-width[39m=[32m"2"[39m
                    [33mviewBox[39m=[32m"0 0 24 24"[39m
                    [33mwidth[39m=[32m"16"[39m
                    [33mxmlns[39m=[32m"http://www.w3.org/2000/svg"[39m
                  [36m>[39m
                    [36m<path[39m
                      [33md[39m=[32m"M12 6v6l4 2"[39m
                    [36m/>[39m
                    [36m<circle[39m
                      [33mcx[39m=[32m"12"[39m
                      [33mcy[39m=[32m"12"[39m
                      [33mr[39m=[32m"10"[39m
                    [36m/>[39m
                  [36m</svg>[39m
                  [0m12:34 AM[0m
                [36m</div>[39m
                [36m<span[39m
                  [33mclass[39m=[32m"bg-charcoal text-white px-3 py-1 rounded font-bold text-sm"[39m
                [36m>[39m
                  [0m#[0m
                  [0m5[0m
                [36m</span>[39m
              [36m</div>[39m

[2m Test Files [22m [1m[31m1 failed[39m[22m[90m (1)[39m
[2m      Tests [22m [1m[31m1 failed[39m[22m[2m | [22m[1m[32m1 passed[39m[22m[90m (2)[39m
[2m   Start at [22m 00:34:19
[2m   Duration [22m 10.15s[2m (transform 339ms, setup 1.05s, import 489ms, tests 3.20s, environment 4.48s)[22m

              [36m<div[39m
                [33mclass[39m=[32m"hidden md:flex col-span-2 items-center gap-2 text-stone-600"[39m
              [36m>[39m
                [36m<svg[39m
                  [33maria-hidden[39m=[32m"true"[39m
                  [33mclass[39m=[32m"lucide lucide-clock"[39m
                  [33mfill[39m=[32m"none"[39m
                  [33mheight[39m=[32m"16"[39m
                  [33mstroke[39m=[32m"currentColor"[39m
                  [33mstroke-linecap[39m=[32m"round"[39m
                  [33mstroke-linejoin[39m=[32m"round"[39m
                  [33mstroke-width[39m=[32m"2"[39m
                  [33mviewBox[39m=[32m"0 0 24 24"[39m
                  [33mwidth[39m=[32m"16"[39m
                  [33mxmlns[39m=[32m"http://www.w3.org/2000/svg"[39m
                [36m>[39m
                  [36m<path[39m
                    [33md[39m=[32m"M12 6v6l4 2"[39m
                  [36m/>[39m
                  [36m<circle[39m
                    [33mcx[39m=[32m"12"[39m
                    [33mcy[39m=[32m"12"[39m
                    [33mr[39m=[32m"10"[39m
                  [36m/>[39m
                [36m</svg>[39m
                [36m<span>[39m
                  [0m12:34 AM[0m
                [36m</span>[39m
              [36m</div>[39m
              [36m<div[39m
                [33mclass[39m=[32m"hidden md:block col-span-1"[39m
              [36m>[39m
                [36m<span[39m
                  [33mclass[39m=[32m"bg-charcoal text-white px-3 py-1 rounded font-bold text-sm"[39m
                [36m>[39m
                  [0m#[0m
                  [0m5[0m
                [36m</span>[39m
              [36m</div>[39m
              [36m<div[39m
                [33mclass[39m=[32m"w-full md:col-span-5 md:pr-4"[39m
              [36m>[39m
                [36m<ul[39m
                  [33mclass[39m=[32m"space-y-1"[39m
                [36m>[39m
                  [36m<li[39m
                    [33mclass[39m=[32m"text-charcoal font-medium text-sm flex flex-col "[39m
                  [36m>[39m
                    [36m<div[39m
                      [33mclass[39m=[32m"flex items-start"[39m
                    [36m>[39m
                      [36m<span[39m
                        [33mclass[39m=[32m"font-bold text-forest mr-2 shrink-0"[39m
                      [36m>[39m
                        [0m1[0m
                        [0mx[0m
                      [36m</span>[39m
                      [36m<span>[39m
                        [0mTerracotta Chicken[0m
                      [36m</span>[39m
                    [36m</div>[39m
                    [36m<div[39m
                      [33mclass[39m=[32m"pl-6 text-xs text-stone-500 space-y-0.5 mt-1"[39m
                    [36m>[39m
                      [36m<div>[39m
                        [0m+ [0m
                        [0mFrench Fries[0m
                      [36m</div>[39m
                    [36m</div>[39m
                    [36m<div[39m
                      [33mclass[39m=[32m"pl-6 text-xs text-terracotta italic mt-1 bg-yellow-50 p-1 rounded 
inline-block"[39m
                    [36m>[39m
                      [0m"[0m
                      [0mLess spicy[0m
                      [0m"[0m
                    [36m</div>[39m
                  [36m</li>[39m
                [36m</ul>[39m
                [36m<div[39m
                  [33mclass[39m=[32m"text-[10px] text-stone-400 font-mono mt-1"[39m
                [36m>[39m
                  [0mORDER-123[0m
                [36m</div>[39m
              [36m</div>[39m
              [36m<div[39m
                [33mclass[39m=[32m"flex justify-between items-center w-full md:hidden pt-2 border-t 
border-stone-100 mt-1"[39m
              [36m>[39m
                [36m<div[39m
                  [33mclass[39m=[32m"uppercase text-sm tracking-wide text-purple-600 font-bold"[39m
                [36m>[39m
                  [0mNEW ORDER[0m
                [36m</div>[39m
                [36m<button[39m
                  [33mclass[39m=[32m"px-4 py-2 bg-purple-100 text-purple-700 border border-purple-200 rounded-lg 
text-xs font-bold animate-pulse"[39m
                [36m>[39m
                  [0mSTART COOK[0m
                [36m</button>[39m
              [36m</div>[39m
              [36m<div[39m
                [33mclass[39m=[32m"hidden md:block col-span-2 uppercase text-sm tracking-wide text-purple-600 
font-bold"[39m
              [36m>[39m
                [0mNEW ORDER[0m
              [36m</div>[39m
              [36m<div[39m
                [33mclass[39m=[32m"hidden md:block col-span-2 text-right"[39m
              [36m>[39m
                [36m<button[39m
                  [33mclass[39m=[32m"px-4 py-2 bg-purple-100 text-purple-700 border border-purple-200 rounded-lg 
text-xs font-bold hover:bg-purple-200 animate-pulse"[39m
                [36m>[39m
                  [0mSTART COOK[0m
                [36m</button>[39m
              [36m</div>[39m
            [36m</div>[39m
          [36m</div>[39m
        [36m</div>[39m
      [36m</div>[39m
    [36m</div>[39m
  [36m</body>[39m
[36m</html>[39m
[90m [2mΓ¥»[22m Proxy.waitForWrapper node_modules/@testing-library/dom/dist/wait-for.js:[2m163:27[22m[39m
[36m [2mΓ¥»[22m src/tests/Kitchen.test.tsx:[2m46:15[22m[39m
    [90m 44|[39m         [34mrender[39m([33m<[39m[33mKitchen[39m [33m/[39m[33m>[39m)[33m;[39m
    [90m 45|[39m
    [90m 46|[39m         [35mawait[39m [34mwaitFor[39m(() [33m=>[39m {
    [90m   |[39m               [31m^[39m
    [90m 47|[39m             [34mexpect[39m(screen[33m.[39m[34mgetByText[39m([36m/ORDER-123/i[39m))[33m.[39
m[34mtoBeInTheDocument[39m()[33m;[39m
    [90m 48|[39m             [34mexpect[39m(screen[33m.[39m[34mgetByText[39m([36m/#5/[39m))[33m.[39m[34mto
BeInTheDocument[39m()[33m;[39m

[31m[2mΓÄ»ΓÄ»ΓÄ»ΓÄ»ΓÄ»ΓÄ»ΓÄ»ΓÄ»ΓÄ»ΓÄ»ΓÄ»ΓÄ»ΓÄ»ΓÄ»ΓÄ»ΓÄ»ΓÄ»ΓÄ»ΓÄ»ΓÄ»ΓÄ»ΓÄ»ΓÄ»ΓÄ»[1/1]ΓÄ»[22m[39m

